5 NUM 12333333333444444444455555555555566666666777777777777
3 NUM 222222222222222222222222222222222233333333333333333333444444444444444444444455555555556666666666777777777777777778888888888899999999
1 NUM 123456789012345678901234567890
