Dobby 28
Flitwick 17
Granger 19
Hagrid 6
Longbottom 30
Lupin 10
Malfoy 5
McGonagall 4
Potter 31
Snape 9
Sprout 15
Weasley 1
Weasley 1
Weasley 6
Weasley 11
Weasley 12
Weasley 22
Weasley 29
Weasley 30
