Error, amount must be a number
Error, no input received.
