Error, token length was too big
Error, no input received.
